// Jest Snapshot v1, https://goo.gl/fbAQLP

exports[`renders homepage unchanged 1`] = `
<div>
  <div>
    <main
      class="container m-auto"
    >
      <h1
        class="text-red-500"
      >
        Welcome to 
        <a
          href="https://nextjs.org"
        >
          Next.js!
        </a>
      </h1>
      <h1
        class="text-red-500"
      >
        The Result of 1+2 is 
        <span>
          3
        </span>
      </h1>
    </main>
    <footer
      class="fixed bottom-0"
    >
      <div
        class="flex justify-center "
      >
        <p
          class="text-center text-xs text-gray-400"
        >
          Â© 
          2022
           Stockr App
        </p>
      </div>
    </footer>
  </div>
</div>
`;
